// Jest Snapshot v1, https://goo.gl/fbAQLP

exports[`should render ExpenseListItem with expense data 1`] = `
<div>
  <Link
    replace={false}
    to="/edit/1"
  >
    Gum
  </Link>
  <div>
    amount: 195, createdAt: 0
  </div>
</div>
`;
